
> scommerce@0.2.0 build
> next build

   ▲ Next.js 15.5.2
   - Environments: .env

   Creating an optimized production build ...
> [PWA] Compile server
> [PWA] Compile server
> [PWA] Compile client (static)
> [PWA] Auto register service worker with: /home/z/my-project/node_modules/next-pwa/register.js
> [PWA] Service worker: /home/z/my-project/public/sw.js
> [PWA]   url: /sw.js
> [PWA]   scope: /
 ✓ Compiled successfully in 18.0s
   Linting and checking validity of types ...
Failed to compile.

./src/db/user.repository.ts:272:14
Type error: Conversion of type '{ name: string | null; emailVerified: number; id: string; email: string; phone: string | null; password: string | null; newEmail: string | null; createdAt: Date; address: string | null; ... 4 more ...; updatedAt: Date; }[]' to type 'User[]' may be a mistake because neither type sufficiently overlaps with the other. If this was intentional, convert the expression to 'unknown' first.
  Type '{ name: string | null; emailVerified: number; id: string; email: string; phone: string | null; password: string | null; newEmail: string | null; createdAt: Date; address: string | null; ... 4 more ...; updatedAt: Date; }' is not comparable to type 'User'.
    Types of property 'createdAt' are incompatible.
      Type 'Date' is not comparable to type 'string'.

[0m [90m 270 |[39m         skip[33m:[39m offset
 [90m 271 |[39m       })[33m;[39m
[31m[1m>[22m[39m[90m 272 |[39m       [36mreturn[39m users [36mas[39m [33mUser[39m[][33m;[39m
 [90m     |[39m              [31m[1m^[22m[39m
 [90m 273 |[39m     }
 [90m 274 |[39m
 [90m 275 |[39m     [90m// Use D1[39m[0m
Next.js build worker exited with code: 1 and signal: null
